// Jest Snapshot v1, https://goo.gl/fbAQLP

exports[`Pruebas en GiftItem Debe de hacer match con el snapshot 1`] = `[Function]`;
